
NFSMixed.hs:9:18:
    Ambiguous occurrence ‘foo’
    It could refer to
       either the field ‘foo’, defined at NFSMixed.hs:4:18
           or the field ‘foo’, defined at NFSMixed.hs:3:18
           or ‘NFSMixed.foo’, defined at NFSMixed.hs:7:1