
T11167_ambig.hs:10:13: warning: [-Wambiguous-fields (in -Wdefault)]
    The field ‘runContT’ belonging to type ContT r m a is ambiguous.
    This will not be supported by -XDuplicateRecordFields in future releases of GHC.
    You can use explicit case analysis to resolve the ambiguity.

T11167_ambig.hs:17:9: warning: [-Wambiguous-fields (in -Wdefault)]
    The field ‘runContT’ belonging to type forall a.
                                           ContT () IO a is ambiguous.
    This will not be supported by -XDuplicateRecordFields in future releases of GHC.
    You can use explicit case analysis to resolve the ambiguity.
